epoch	loss	acc_0	acc_1	acc_2
